2026-02-04 02:34:40,510 - INFO - KNN Test Accuracy: 0.7806955287437899
2026-02-04 02:34:40,510 - INFO - KNN ROC-AUC: 0.793568271450309
2026-02-04 02:34:40,523 - INFO - Naive Bayes Test Accuracy: 0.7381121362668559
2026-02-04 02:34:40,523 - INFO - Naive Bayes ROC-AUC: 0.832673874563955
2026-02-04 02:34:40,523 - INFO - Logistic Regression Test Accuracy: 0.8168914123491838
2026-02-04 02:34:40,538 - INFO - Logistic Regression ROC-AUC: 0.8585881457865372
2026-02-04 02:34:40,539 - INFO - Decision Tree Test Accuracy: 0.7338537970191625
2026-02-04 02:34:40,539 - INFO - Decision Tree ROC-AUC: 0.6647551419669382
2026-02-04 02:34:40,667 - INFO - Random Forest Test Accuracy: 0.7977288857345636
2026-02-04 02:34:40,667 - INFO - Random Forest ROC-AUC: 0.8419045721324541
2026-02-04 02:34:40,697 - INFO - AdaBoost Test Accuracy: 0.7920511000709723
2026-02-04 02:34:40,699 - INFO - AdaBoost ROC-AUC: 0.8325768319065906
2026-02-04 02:34:40,715 - INFO - Gradient Boosting Test Accuracy: 0.8055358410220014
2026-02-04 02:34:40,715 - INFO - Gradient Boosting ROC-AUC: 0.8564881426811723
2026-02-04 02:34:40,790 - INFO - XGBoost Test Accuracy: 0.8019872249822569
2026-02-04 02:34:40,790 - INFO - XGBoost ROC-AUC: 0.8428258304263666
2026-02-04 02:34:41,705 - INFO - SVM Test Accuracy: 0.8076650106458482
2026-02-04 02:34:41,705 - INFO - SVM ROC-AUC: 0.819866831596054
2026-02-04 02:35:07,030 - INFO - BEST MODEL: Logistic Regression with ROC-AUC: 0.8585881457865372
2026-02-04 02:35:11,917 - INFO - Tuned Logistic Params: {'C': 10, 'max_iter': 500, 'penalty': 'l2', 'solver': 'lbfgs'}
2026-02-04 02:35:11,917 - INFO - Tuned Logistic CV ROC-AUC: 0.8352113836472199
2026-02-04 02:35:11,918 - INFO - Logistic Regression saved successfully as Churn_Prediction_Best_Model.pkl
